==============================
DARE Adaptive Scheduler Eval
Job ID   : 52212877
Node     : sg038
GPU      : 0
Started  : Tue May  5 04:20:23 MST 2026
==============================
value_to_index: {-8.0: 0, -4.0: 1, 0.0: 2, 4.0: 3, 8.0: 4}
index_to_value: {0: -8.0, 1: -4.0, 2: 0.0, 3: 4.0, 4: 8.0}
[36m(Runner pid=3230163)[0m starting episode 3 on metaAgent 3
[36m(Runner pid=3230151)[0m starting episode 6 on metaAgent 6
[36m(Runner pid=3230135)[0m starting episode 9 on metaAgent 9
[36m(Runner pid=3230154)[0m starting episode 5 on metaAgent 5
[36m(Runner pid=3230155)[0m starting episode 8 on metaAgent 8
[36m(Runner pid=3230156)[0m starting episode 0 on metaAgent 0
[36m(Runner pid=3230172)[0m starting episode 7 on metaAgent 7
[36m(Runner pid=3230132)[0m starting episode 1 on metaAgent 1
[36m(Runner pid=3230146)[0m starting episode 2 on metaAgent 2
[36m(Runner pid=3230144)[0m starting episode 4 on metaAgent 4
[36m(Runner pid=3230151)[0m [AdaptiveScheduler] call=   50 | density=0.043  dist=0.624  complexity=0.246  steps= 40  overhead=0.10ms
[36m(Runner pid=3230154)[0m [AdaptiveScheduler] call=   50 | density=0.022  dist=0.481  complexity=0.254  steps= 40  overhead=0.23ms
[36m(Runner pid=3230132)[0m [AdaptiveScheduler] call=   50 | density=0.064  dist=0.437  complexity=0.219  steps= 38  overhead=0.14ms
[36m(Runner pid=3230144)[0m [AdaptiveScheduler] call=   50 | density=0.043  dist=0.378  complexity=0.173  steps= 34  overhead=0.10ms
[36m(Runner pid=3230156)[0m [AdaptiveScheduler] call=   50 | density=0.059  dist=0.596  complexity=0.295  steps= 44  overhead=0.15ms
[36m(Runner pid=3230163)[0m [AdaptiveScheduler] call=   50 | density=0.061  dist=0.408  complexity=0.172  steps= 34  overhead=0.17ms
[36m(Runner pid=3230155)[0m [AdaptiveScheduler] call=   50 | density=0.074  dist=0.690  complexity=0.302  steps= 44  overhead=0.17ms
[36m(Runner pid=3230135)[0m [AdaptiveScheduler] call=   50 | density=0.102  dist=0.502  complexity=0.229  steps= 38  overhead=0.11ms
[36m(Runner pid=3230172)[0m [AdaptiveScheduler] call=   50 | density=0.063  dist=0.330  complexity=0.191  steps= 35  overhead=0.10ms
[36m(Runner pid=3230146)[0m [AdaptiveScheduler] call=   50 | density=0.087  dist=0.573  complexity=0.229  steps= 38  overhead=0.17ms
[36m(Runner pid=3230132)[0m starting episode 10 on metaAgent 1
[36m(Runner pid=3230154)[0m starting episode 11 on metaAgent 5
[36m(Runner pid=3230151)[0m starting episode 12 on metaAgent 6
[36m(Runner pid=3230172)[0m starting episode 13 on metaAgent 7
[36m(Runner pid=3230144)[0m starting episode 14 on metaAgent 4
[36m(Runner pid=3230156)[0m starting episode 15 on metaAgent 0
[36m(Runner pid=3230146)[0m starting episode 16 on metaAgent 2
[36m(Runner pid=3230135)[0m starting episode 17 on metaAgent 9
[36m(Runner pid=3230155)[0m starting episode 18 on metaAgent 8
[36m(Runner pid=3230163)[0m starting episode 19 on metaAgent 3
[36m(Runner pid=3230132)[0m [AdaptiveScheduler] call=   50 | density=0.081  dist=0.842  complexity=0.376  steps= 50  overhead=0.14ms
[36m(Runner pid=3230154)[0m [AdaptiveScheduler] call=   50 | density=0.070  dist=0.528  complexity=0.214  steps= 37  overhead=0.14ms
[36m(Runner pid=3230151)[0m [AdaptiveScheduler] call=   50 | density=0.068  dist=0.617  complexity=0.284  steps= 43  overhead=0.11ms
[36m(Runner pid=3230144)[0m [AdaptiveScheduler] call=   50 | density=0.098  dist=0.187  complexity=0.180  steps= 34  overhead=0.10ms
[36m(Runner pid=3230172)[0m [AdaptiveScheduler] call=   50 | density=0.071  dist=0.253  complexity=0.127  steps= 30  overhead=0.11ms
[36m(Runner pid=3230146)[0m [AdaptiveScheduler] call=   50 | density=0.070  dist=0.657  complexity=0.309  steps= 45  overhead=0.14ms
[36m(Runner pid=3230156)[0m [AdaptiveScheduler] call=   50 | density=0.042  dist=0.265  complexity=0.129  steps= 30  overhead=0.18ms
[36m(Runner pid=3230135)[0m [AdaptiveScheduler] call=   50 | density=0.045  dist=0.862  complexity=0.320  steps= 46  overhead=0.18ms
[36m(Runner pid=3230151)[0m starting episode 20 on metaAgent 6
[36m(Runner pid=3230154)[0m starting episode 21 on metaAgent 5
[36m(Runner pid=3230155)[0m [AdaptiveScheduler] call=   50 | density=0.063  dist=0.323  complexity=0.230  steps= 38  overhead=0.13ms
[36m(Runner pid=3230163)[0m [AdaptiveScheduler] call=   50 | density=0.116  dist=0.360  complexity=0.185  steps= 35  overhead=0.14ms
[36m(Runner pid=3230132)[0m starting episode 22 on metaAgent 1
[36m(Runner pid=3230146)[0m starting episode 23 on metaAgent 2
[36m(Runner pid=3230172)[0m starting episode 24 on metaAgent 7
[36m(Runner pid=3230144)[0m starting episode 25 on metaAgent 4
[36m(Runner pid=3230155)[0m starting episode 26 on metaAgent 8
[36m(Runner pid=3230156)[0m starting episode 27 on metaAgent 0
[36m(Runner pid=3230135)[0m starting episode 28 on metaAgent 9
[36m(Runner pid=3230163)[0m starting episode 29 on metaAgent 3
[36m(Runner pid=3230154)[0m [AdaptiveScheduler] call=   50 | density=0.090  dist=0.466  complexity=0.185  steps= 35  overhead=0.10ms
[36m(Runner pid=3230151)[0m [AdaptiveScheduler] call=   50 | density=0.086  dist=0.698  complexity=0.341  steps= 47  overhead=0.12ms
[36m(Runner pid=3230132)[0m [AdaptiveScheduler] call=   50 | density=0.098  dist=0.426  complexity=0.243  steps= 39  overhead=0.25ms
[36m(Runner pid=3230146)[0m [AdaptiveScheduler] call=   50 | density=0.101  dist=0.482  complexity=0.237  steps= 39  overhead=0.16ms
[36m(Runner pid=3230172)[0m [AdaptiveScheduler] call=   50 | density=0.000  dist=0.311  complexity=0.169  steps= 34  overhead=0.16ms
[36m(Runner pid=3230144)[0m [AdaptiveScheduler] call=   50 | density=0.128  dist=0.662  complexity=0.309  steps= 45  overhead=0.12ms
[36m(Runner pid=3230132)[0m starting episode 30 on metaAgent 1
[36m(Runner pid=3230135)[0m [AdaptiveScheduler] call=   50 | density=0.056  dist=0.471  complexity=0.290  steps= 43  overhead=0.11ms
[36m(Runner pid=3230156)[0m [AdaptiveScheduler] call=   50 | density=0.063  dist=0.573  complexity=0.241  steps= 39  overhead=0.11ms
[36m(Runner pid=3230155)[0m [AdaptiveScheduler] call=   50 | density=0.000  dist=0.425  complexity=0.229  steps= 38  overhead=0.14ms
[36m(Runner pid=3230146)[0m starting episode 31 on metaAgent 2
[36m(Runner pid=3230151)[0m starting episode 32 on metaAgent 6
[36m(Runner pid=3230154)[0m [AdaptiveScheduler] call=  100 | density=0.094  dist=0.430  complexity=0.245  steps= 40  overhead=0.23ms
[36m(Runner pid=3230163)[0m [AdaptiveScheduler] call=   50 | density=0.098  dist=0.666  complexity=0.268  steps= 41  overhead=0.16ms
[36m(Runner pid=3230154)[0m starting episode 33 on metaAgent 5
[36m(Runner pid=3230135)[0m starting episode 34 on metaAgent 9
[36m(Runner pid=3230156)[0m starting episode 35 on metaAgent 0
[36m(Runner pid=3230144)[0m starting episode 36 on metaAgent 4
[36m(Runner pid=3230163)[0m starting episode 37 on metaAgent 3
[36m(Runner pid=3230172)[0m [AdaptiveScheduler] call=  100 | density=0.096  dist=0.643  complexity=0.266  steps= 41  overhead=0.11ms
[36m(Runner pid=3230172)[0m starting episode 38 on metaAgent 7
[36m(Runner pid=3230132)[0m [AdaptiveScheduler] call=   50 | density=0.101  dist=0.788  complexity=0.377  steps= 50  overhead=0.14ms
[36m(Runner pid=3230155)[0m [AdaptiveScheduler] call=  100 | density=0.071  dist=0.396  complexity=0.248  steps= 40  overhead=0.13ms
[36m(Runner pid=3230151)[0m [AdaptiveScheduler] call=   50 | density=0.020  dist=0.620  complexity=0.296  steps= 44  overhead=0.11ms
[36m(Runner pid=3230146)[0m [AdaptiveScheduler] call=   50 | density=0.058  dist=0.427  complexity=0.222  steps= 38  overhead=0.10ms
[36m(Runner pid=3230155)[0m starting episode 39 on metaAgent 8
[36m(Runner pid=3230154)[0m [AdaptiveScheduler] call=   50 | density=0.108  dist=0.648  complexity=0.307  steps= 45  overhead=0.10ms
[36m(Runner pid=3230135)[0m [AdaptiveScheduler] call=   50 | density=0.077  dist=0.465  complexity=0.228  steps= 38  overhead=0.16ms
[36m(Runner pid=3230156)[0m [AdaptiveScheduler] call=   50 | density=0.070  dist=0.296  complexity=0.188  steps= 35  overhead=0.15ms
[36m(Runner pid=3230144)[0m [AdaptiveScheduler] call=   50 | density=0.070  dist=0.114  complexity=0.147  steps= 32  overhead=0.11ms
[36m(Runner pid=3230132)[0m starting episode 40 on metaAgent 1
[36m(Runner pid=3230163)[0m [AdaptiveScheduler] call=   50 | density=0.101  dist=0.375  complexity=0.210  steps= 37  overhead=0.14ms
[36m(Runner pid=3230146)[0m starting episode 41 on metaAgent 2
[36m(Runner pid=3230172)[0m [AdaptiveScheduler] call=   50 | density=0.050  dist=0.500  complexity=0.181  steps= 34  overhead=0.12ms
[36m(Runner pid=3230151)[0m starting episode 42 on metaAgent 6
[36m(Runner pid=3230154)[0m starting episode 43 on metaAgent 5
[36m(Runner pid=3230155)[0m [AdaptiveScheduler] call=   50 | density=0.040  dist=0.959  complexity=0.364  steps= 49  overhead=0.11ms
[36m(Runner pid=3230135)[0m starting episode 44 on metaAgent 9
[36m(Runner pid=3230156)[0m starting episode 45 on metaAgent 0
[36m(Runner pid=3230172)[0m starting episode 46 on metaAgent 7
[36m(Runner pid=3230144)[0m starting episode 47 on metaAgent 4
[36m(Runner pid=3230163)[0m starting episode 48 on metaAgent 3
[36m(Runner pid=3230132)[0m [AdaptiveScheduler] call=   50 | density=0.022  dist=0.602  complexity=0.283  steps= 43  overhead=0.23ms
[36m(Runner pid=3230146)[0m [AdaptiveScheduler] call=   50 | density=0.035  dist=0.372  complexity=0.154  steps= 32  overhead=0.16ms
[36m(Runner pid=3230151)[0m [AdaptiveScheduler] call=   50 | density=0.045  dist=0.797  complexity=0.361  steps= 49  overhead=0.13ms
[36m(Runner pid=3230155)[0m starting episode 49 on metaAgent 8
[36m(Runner pid=3230154)[0m [AdaptiveScheduler] call=   50 | density=0.112  dist=0.420  complexity=0.226  steps= 38  overhead=0.10ms
[36m(Runner pid=3230146)[0m starting episode 50 on metaAgent 2
[36m(Runner pid=3230132)[0m starting episode 51 on metaAgent 1
[36m(Runner pid=3230135)[0m [AdaptiveScheduler] call=   50 | density=0.042  dist=0.433  complexity=0.179  steps= 34  overhead=0.14ms
[36m(Runner pid=3230172)[0m [AdaptiveScheduler] call=   50 | density=0.053  dist=0.440  complexity=0.234  steps= 39  overhead=0.10ms
[36m(Runner pid=3230156)[0m [AdaptiveScheduler] call=   50 | density=0.049  dist=0.244  complexity=0.163  steps= 33  overhead=0.20ms
[36m(Runner pid=3230163)[0m [AdaptiveScheduler] call=   50 | density=0.087  dist=0.503  complexity=0.207  steps= 37  overhead=0.10ms
[36m(Runner pid=3230144)[0m [AdaptiveScheduler] call=   50 | density=0.092  dist=0.021  complexity=0.112  steps= 29  overhead=0.18ms
[36m(Runner pid=3230154)[0m starting episode 52 on metaAgent 5
[36m(Runner pid=3230135)[0m starting episode 53 on metaAgent 9
[36m(Runner pid=3230151)[0m starting episode 54 on metaAgent 6
[36m(Runner pid=3230156)[0m starting episode 55 on metaAgent 0
[36m(Runner pid=3230155)[0m [AdaptiveScheduler] call=   50 | density=0.129  dist=0.293  complexity=0.222  steps= 38  overhead=0.10ms
[36m(Runner pid=3230163)[0m starting episode 56 on metaAgent 3
[36m(Runner pid=3230144)[0m starting episode 57 on metaAgent 4
[36m(Runner pid=3230172)[0m starting episode 58 on metaAgent 7
[36m(Runner pid=3230132)[0m [AdaptiveScheduler] call=   50 | density=0.053  dist=0.658  complexity=0.296  steps= 44  overhead=0.11ms
[36m(Runner pid=3230155)[0m starting episode 59 on metaAgent 8
[36m(Runner pid=3230146)[0m [AdaptiveScheduler] call=   50 | density=0.000  dist=0.546  complexity=0.236  steps= 39  overhead=0.13ms
[36m(Runner pid=3230135)[0m [AdaptiveScheduler] call=   50 | density=0.093  dist=0.241  complexity=0.172  steps= 34  overhead=0.10ms
[36m(Runner pid=3230151)[0m [AdaptiveScheduler] call=   50 | density=0.099  dist=0.320  complexity=0.215  steps= 37  overhead=0.15ms
[36m(Runner pid=3230154)[0m [AdaptiveScheduler] call=   50 | density=0.037  dist=0.501  complexity=0.254  steps= 40  overhead=0.10ms
[36m(Runner pid=3230132)[0m starting episode 60 on metaAgent 1
[36m(Runner pid=3230146)[0m starting episode 61 on metaAgent 2
[36m(Runner pid=3230156)[0m [AdaptiveScheduler] call=   50 | density=0.075  dist=0.256  complexity=0.197  steps= 36  overhead=0.16ms
[36m(Runner pid=3230163)[0m [AdaptiveScheduler] call=   50 | density=0.050  dist=0.588  complexity=0.254  steps= 40  overhead=0.11ms
[36m(Runner pid=3230135)[0m starting episode 62 on metaAgent 9
[36m(Runner pid=3230144)[0m [AdaptiveScheduler] call=   50 | density=0.060  dist=0.508  complexity=0.245  steps= 40  overhead=0.12ms
[36m(Runner pid=3230172)[0m [AdaptiveScheduler] call=   50 | density=0.046  dist=0.616  complexity=0.291  steps= 43  overhead=0.11ms
[36m(Runner pid=3230163)[0m starting episode 63 on metaAgent 3
[36m(Runner pid=3230155)[0m [AdaptiveScheduler] call=   50 | density=0.098  dist=0.564  complexity=0.242  steps= 39  overhead=0.10ms
[36m(Runner pid=3230154)[0m starting episode 64 on metaAgent 5
[36m(Runner pid=3230156)[0m starting episode 65 on metaAgent 0
[36m(Runner pid=3230155)[0m starting episode 66 on metaAgent 8
[36m(Runner pid=3230151)[0m [AdaptiveScheduler] call=  100 | density=0.116  dist=0.260  complexity=0.172  steps= 34  overhead=0.11ms
[36m(Runner pid=3230132)[0m [AdaptiveScheduler] call=   50 | density=0.054  dist=0.553  complexity=0.210  steps= 37  overhead=0.15ms
[36m(Runner pid=3230146)[0m [AdaptiveScheduler] call=   50 | density=0.088  dist=0.190  complexity=0.191  steps= 35  overhead=0.18ms
[36m(Runner pid=3230163)[0m [AdaptiveScheduler] call=   50 | density=0.059  dist=0.629  complexity=0.282  steps= 43  overhead=0.10ms
[36m(Runner pid=3230172)[0m [AdaptiveScheduler] call=  100 | density=0.106  dist=0.154  complexity=0.128  steps= 30  overhead=0.14ms
[36m(Runner pid=3230144)[0m starting episode 67 on metaAgent 4
[36m(Runner pid=3230135)[0m [AdaptiveScheduler] call=   50 | density=0.058  dist=0.403  complexity=0.197  steps= 36  overhead=0.15ms
[36m(Runner pid=3230151)[0m starting episode 68 on metaAgent 6
[36m(Runner pid=3230172)[0m starting episode 69 on metaAgent 7
[36m(Runner pid=3230132)[0m starting episode 70 on metaAgent 1
[36m(Runner pid=3230163)[0m starting episode 71 on metaAgent 3
[36m(Runner pid=3230135)[0m starting episode 72 on metaAgent 9
[36m(Runner pid=3230154)[0m [AdaptiveScheduler] call=   50 | density=0.054  dist=0.592  complexity=0.310  steps= 45  overhead=0.14ms
[36m(Runner pid=3230156)[0m [AdaptiveScheduler] call=   50 | density=0.029  dist=0.595  complexity=0.261  steps= 41  overhead=0.11ms
[36m(Runner pid=3230146)[0m starting episode 73 on metaAgent 2
[36m(Runner pid=3230155)[0m [AdaptiveScheduler] call=   50 | density=0.065  dist=0.586  complexity=0.269  steps= 42  overhead=0.15ms
[36m(Runner pid=3230144)[0m [AdaptiveScheduler] call=   50 | density=0.065  dist=0.685  complexity=0.308  steps= 45  overhead=0.13ms
[36m(Runner pid=3230154)[0m starting episode 74 on metaAgent 5
[36m(Runner pid=3230151)[0m [AdaptiveScheduler] call=   50 | density=0.040  dist=0.577  complexity=0.246  steps= 40  overhead=0.10ms
[36m(Runner pid=3230172)[0m [AdaptiveScheduler] call=   50 | density=0.110  dist=0.405  complexity=0.249  steps= 40  overhead=0.19ms
[36m(Runner pid=3230156)[0m starting episode 75 on metaAgent 0
[36m(Runner pid=3230132)[0m [AdaptiveScheduler] call=   50 | density=0.080  dist=0.295  complexity=0.125  steps= 30  overhead=0.15ms
[36m(Runner pid=3230163)[0m [AdaptiveScheduler] call=   50 | density=0.079  dist=0.928  complexity=0.413  steps= 53  overhead=0.10ms
[36m(Runner pid=3230135)[0m [AdaptiveScheduler] call=   50 | density=0.067  dist=0.480  complexity=0.271  steps= 42  overhead=0.14ms
[36m(Runner pid=3230155)[0m starting episode 76 on metaAgent 8
[36m(Runner pid=3230132)[0m starting episode 77 on metaAgent 1
[36m(Runner pid=3230144)[0m starting episode 78 on metaAgent 4
[36m(Runner pid=3230172)[0m starting episode 79 on metaAgent 7
[36m(Runner pid=3230151)[0m starting episode 80 on metaAgent 6
[36m(Runner pid=3230135)[0m starting episode 81 on metaAgent 9
[36m(Runner pid=3230146)[0m [AdaptiveScheduler] call=   50 | density=0.086  dist=0.511  complexity=0.273  steps= 42  overhead=0.12ms
[36m(Runner pid=3230163)[0m starting episode 82 on metaAgent 3
[36m(Runner pid=3230154)[0m [AdaptiveScheduler] call=   50 | density=0.094  dist=0.629  complexity=0.268  steps= 41  overhead=0.16ms
[36m(Runner pid=3230146)[0m starting episode 83 on metaAgent 2
[36m(Runner pid=3230156)[0m [AdaptiveScheduler] call=   50 | density=0.101  dist=0.323  complexity=0.206  steps= 37  overhead=0.11ms
[36m(Runner pid=3230155)[0m [AdaptiveScheduler] call=   50 | density=0.061  dist=0.461  complexity=0.167  steps= 33  overhead=0.10ms
[36m(Runner pid=3230154)[0m starting episode 84 on metaAgent 5
[36m(Runner pid=3230144)[0m [AdaptiveScheduler] call=   50 | density=0.079  dist=0.375  complexity=0.230  steps= 38  overhead=0.10ms
[36m(Runner pid=3230151)[0m [AdaptiveScheduler] call=   50 | density=0.101  dist=0.680  complexity=0.323  steps= 46  overhead=0.17ms
[36m(Runner pid=3230132)[0m [AdaptiveScheduler] call=   50 | density=0.000  dist=0.545  complexity=0.253  steps= 40  overhead=0.17ms
[36m(Runner pid=3230163)[0m [AdaptiveScheduler] call=   50 | density=0.059  dist=0.427  complexity=0.183  steps= 35  overhead=0.22ms
[36m(Runner pid=3230135)[0m [AdaptiveScheduler] call=   50 | density=0.036  dist=0.447  complexity=0.229  steps= 38  overhead=0.19ms
[36m(Runner pid=3230172)[0m [AdaptiveScheduler] call=   50 | density=0.086  dist=0.437  complexity=0.256  steps= 40  overhead=0.23ms
[36m(Runner pid=3230155)[0m starting episode 85 on metaAgent 8
[36m(Runner pid=3230146)[0m [AdaptiveScheduler] call=   50 | density=0.074  dist=0.205  complexity=0.166  steps= 33  overhead=0.15ms
[36m(Runner pid=3230144)[0m starting episode 86 on metaAgent 4
[36m(Runner pid=3230156)[0m starting episode 87 on metaAgent 0
[36m(Runner pid=3230135)[0m starting episode 88 on metaAgent 9
[36m(Runner pid=3230151)[0m starting episode 89 on metaAgent 6
[36m(Runner pid=3230154)[0m [AdaptiveScheduler] call=   50 | density=0.067  dist=0.448  complexity=0.255  steps= 40  overhead=0.11ms
[36m(Runner pid=3230132)[0m starting episode 90 on metaAgent 1
[36m(Runner pid=3230163)[0m starting episode 91 on metaAgent 3
[36m(Runner pid=3230146)[0m starting episode 92 on metaAgent 2
[36m(Runner pid=3230172)[0m starting episode 93 on metaAgent 7
[36m(Runner pid=3230154)[0m starting episode 94 on metaAgent 5
[36m(Runner pid=3230155)[0m [AdaptiveScheduler] call=   50 | density=0.091  dist=0.675  complexity=0.266  steps= 41  overhead=0.15ms
[36m(Runner pid=3230144)[0m [AdaptiveScheduler] call=   50 | density=0.060  dist=0.722  complexity=0.325  steps= 46  overhead=0.10ms
[36m(Runner pid=3230156)[0m [AdaptiveScheduler] call=   50 | density=0.052  dist=0.131  complexity=0.146  steps= 32  overhead=0.13ms
[36m(Runner pid=3230135)[0m [AdaptiveScheduler] call=   50 | density=0.065  dist=0.369  complexity=0.195  steps= 36  overhead=0.20ms
[36m(Runner pid=3230132)[0m [AdaptiveScheduler] call=   50 | density=0.101  dist=0.543  complexity=0.215  steps= 37  overhead=0.22ms
[36m(Runner pid=3230155)[0m starting episode 95 on metaAgent 8
[36m(Runner pid=3230151)[0m [AdaptiveScheduler] call=   50 | density=0.088  dist=0.871  complexity=0.397  steps= 52  overhead=0.10ms
[36m(Runner pid=3230156)[0m starting episode 96 on metaAgent 0
[36m(Runner pid=3230146)[0m [AdaptiveScheduler] call=   50 | density=0.046  dist=0.433  complexity=0.203  steps= 36  overhead=0.25ms
[36m(Runner pid=3230163)[0m [AdaptiveScheduler] call=   50 | density=0.077  dist=0.425  complexity=0.262  steps= 41  overhead=0.14ms
[36m(Runner pid=3230172)[0m [AdaptiveScheduler] call=   50 | density=0.072  dist=0.419  complexity=0.188  steps= 35  overhead=0.11ms
[36m(Runner pid=3230154)[0m [AdaptiveScheduler] call=   50 | density=0.058  dist=0.680  complexity=0.329  steps= 46  overhead=0.10ms
[36m(Runner pid=3230135)[0m starting episode 97 on metaAgent 9
[36m(Runner pid=3230144)[0m [AdaptiveScheduler] call=  100 | density=0.068  dist=0.219  complexity=0.159  steps= 33  overhead=0.12ms
[36m(Runner pid=3230132)[0m starting episode 98 on metaAgent 1
[36m(Runner pid=3230151)[0m starting episode 99 on metaAgent 6
[36m(Runner pid=3230155)[0m [AdaptiveScheduler] call=   50 | density=0.098  dist=0.358  complexity=0.210  steps= 37  overhead=0.11ms
[36m(Runner pid=3230156)[0m [AdaptiveScheduler] call=   50 | density=0.069  dist=0.520  complexity=0.277  steps= 42  overhead=0.18ms
[36m(Runner pid=3230135)[0m [AdaptiveScheduler] call=   50 | density=0.040  dist=0.799  complexity=0.363  steps= 49  overhead=0.15ms
[36m(Runner pid=3230132)[0m [AdaptiveScheduler] call=   50 | density=0.000  dist=0.453  complexity=0.242  steps= 39  overhead=0.15ms
[36m(Runner pid=3230151)[0m [AdaptiveScheduler] call=   50 | density=0.106  dist=0.227  complexity=0.157  steps= 33  overhead=0.10ms
|#Total test: 100
|#Length of dist_history: 100
|#Average length: 565.2330768839016
|#Length std: 75.85094171752917
|#Successes: 100
|#Success Rate: 1.0
|#Length of success_dist_history: 100
|#Average Success length: 565.2330768839016
|#Success Length std: 75.85094171752917
==============================
Finished : Tue May  5 04:49:57 MST 2026
==============================
