==============================
DARE Adaptive Scheduler Eval
Job ID   : 52114582
Node     : sg037
GPU      : 0
Started  : Mon May  4 05:59:16 MST 2026
==============================
value_to_index: {-8.0: 0, -4.0: 1, 0.0: 2, 4.0: 3, 8.0: 4}
index_to_value: {0: -8.0, 1: -4.0, 2: 0.0, 3: 4.0, 4: 8.0}
[36m(Runner pid=2144469)[0m starting episode 0 on metaAgent 0
[36m(Runner pid=2144452)[0m starting episode 3 on metaAgent 3
[36m(Runner pid=2144435)[0m starting episode 1 on metaAgent 1
[36m(Runner pid=2144466)[0m starting episode 2 on metaAgent 2
[36m(Runner pid=2144443)[0m starting episode 5 on metaAgent 5
[36m(Runner pid=2144439)[0m starting episode 7 on metaAgent 7
[36m(Runner pid=2144455)[0m starting episode 4 on metaAgent 4
[36m(Runner pid=2144486)[0m starting episode 6 on metaAgent 6
[36m(Runner pid=2144474)[0m starting episode 9 on metaAgent 9
[36m(Runner pid=2144440)[0m starting episode 8 on metaAgent 8
[36m(Runner pid=2144486)[0m [AdaptiveScheduler] call=   50 | density=0.068  dist=0.050  complexity=0.068  steps= 25  overhead=0.14ms
[36m(Runner pid=2144443)[0m [AdaptiveScheduler] call=   50 | density=0.081  dist=0.045  complexity=0.079  steps= 26  overhead=0.13ms
[36m(Runner pid=2144466)[0m [AdaptiveScheduler] call=   50 | density=0.042  dist=0.115  complexity=0.078  steps= 26  overhead=0.14ms
[36m(Runner pid=2144435)[0m [AdaptiveScheduler] call=   50 | density=0.040  dist=0.122  complexity=0.076  steps= 26  overhead=0.13ms
[36m(Runner pid=2144440)[0m [AdaptiveScheduler] call=   50 | density=0.077  dist=0.097  complexity=0.070  steps= 26  overhead=0.13ms
[36m(Runner pid=2144439)[0m [AdaptiveScheduler] call=   50 | density=0.051  dist=0.096  complexity=0.064  steps= 25  overhead=0.12ms
[36m(Runner pid=2144452)[0m [AdaptiveScheduler] call=   50 | density=0.108  dist=0.065  complexity=0.097  steps= 28  overhead=0.12ms
[36m(Runner pid=2144469)[0m [AdaptiveScheduler] call=   50 | density=0.042  dist=0.135  complexity=0.080  steps= 26  overhead=0.12ms
[36m(Runner pid=2144455)[0m [AdaptiveScheduler] call=   50 | density=0.085  dist=0.104  complexity=0.118  steps= 29  overhead=0.15ms
[36m(Runner pid=2144474)[0m [AdaptiveScheduler] call=   50 | density=0.084  dist=0.096  complexity=0.071  steps= 26  overhead=0.15ms
[36m(Runner pid=2144439)[0m gif complete
[36m(Runner pid=2144439)[0m 
[36m(Runner pid=2144439)[0m starting episode 10 on metaAgent 7
[36m(Runner pid=2144435)[0m gif complete
[36m(Runner pid=2144435)[0m 
[36m(Runner pid=2144435)[0m starting episode 11 on metaAgent 1
[36m(Runner pid=2144469)[0m gif complete
[36m(Runner pid=2144469)[0m 
[36m(Runner pid=2144469)[0m starting episode 12 on metaAgent 0
[36m(Runner pid=2144443)[0m gif complete
[36m(Runner pid=2144443)[0m 
[36m(Runner pid=2144443)[0m starting episode 13 on metaAgent 5
[36m(Runner pid=2144455)[0m gif complete
[36m(Runner pid=2144455)[0m 
[36m(Runner pid=2144455)[0m starting episode 14 on metaAgent 4
[36m(Runner pid=2144486)[0m gif complete
[36m(Runner pid=2144486)[0m 
[36m(Runner pid=2144486)[0m starting episode 15 on metaAgent 6
[36m(Runner pid=2144440)[0m gif complete
[36m(Runner pid=2144440)[0m 
[36m(Runner pid=2144440)[0m starting episode 16 on metaAgent 8
[36m(Runner pid=2144466)[0m gif complete
[36m(Runner pid=2144466)[0m 
[36m(Runner pid=2144466)[0m starting episode 17 on metaAgent 2
[36m(Runner pid=2144452)[0m gif complete
[36m(Runner pid=2144452)[0m 
[36m(Runner pid=2144452)[0m starting episode 18 on metaAgent 3
[36m(Runner pid=2144474)[0m gif complete
[36m(Runner pid=2144474)[0m 
[36m(Runner pid=2144474)[0m starting episode 19 on metaAgent 9
[36m(Runner pid=2144439)[0m [AdaptiveScheduler] call=   50 | density=0.100  dist=0.105  complexity=0.096  steps= 28  overhead=0.14ms
[36m(Runner pid=2144435)[0m [AdaptiveScheduler] call=   50 | density=0.056  dist=0.079  complexity=0.073  steps= 26  overhead=0.14ms
[36m(Runner pid=2144469)[0m [AdaptiveScheduler] call=   50 | density=0.143  dist=0.055  complexity=0.094  steps= 28  overhead=0.15ms
[36m(Runner pid=2144443)[0m [AdaptiveScheduler] call=   50 | density=0.047  dist=0.060  complexity=0.070  steps= 26  overhead=0.13ms
[36m(Runner pid=2144486)[0m [AdaptiveScheduler] call=   50 | density=0.101  dist=0.174  complexity=0.167  steps= 33  overhead=0.12ms
[36m(Runner pid=2144440)[0m [AdaptiveScheduler] call=   50 | density=0.101  dist=0.446  complexity=0.169  steps= 34  overhead=0.13ms
[36m(Runner pid=2144466)[0m [AdaptiveScheduler] call=   50 | density=0.101  dist=0.204  complexity=0.117  steps= 29  overhead=0.15ms
[36m(Runner pid=2144455)[0m [AdaptiveScheduler] call=   50 | density=0.097  dist=0.345  complexity=0.192  steps= 35  overhead=0.14ms
[36m(Runner pid=2144474)[0m [AdaptiveScheduler] call=   50 | density=0.115  dist=0.180  complexity=0.157  steps= 33  overhead=0.25ms
[36m(Runner pid=2144452)[0m [AdaptiveScheduler] call=   50 | density=0.063  dist=0.288  complexity=0.167  steps= 33  overhead=0.15ms
[36m(Runner pid=2144469)[0m gif complete
[36m(Runner pid=2144469)[0m 
[36m(Runner pid=2144469)[0m starting episode 20 on metaAgent 0
[36m(Runner pid=2144435)[0m gif complete
[36m(Runner pid=2144435)[0m 
[36m(Runner pid=2144435)[0m starting episode 21 on metaAgent 1
[36m(Runner pid=2144439)[0m gif complete
[36m(Runner pid=2144439)[0m 
[36m(Runner pid=2144440)[0m gif complete
[36m(Runner pid=2144440)[0m 
[36m(Runner pid=2144439)[0m starting episode 22 on metaAgent 7
[36m(Runner pid=2144466)[0m gif complete
[36m(Runner pid=2144466)[0m 
[36m(Runner pid=2144440)[0m starting episode 23 on metaAgent 8
[36m(Runner pid=2144466)[0m starting episode 24 on metaAgent 2
[36m(Runner pid=2144443)[0m gif complete
[36m(Runner pid=2144443)[0m 
[36m(Runner pid=2144474)[0m gif complete
[36m(Runner pid=2144474)[0m 
[36m(Runner pid=2144443)[0m starting episode 25 on metaAgent 5
[36m(Runner pid=2144474)[0m starting episode 26 on metaAgent 9
[36m(Runner pid=2144452)[0m gif complete
[36m(Runner pid=2144452)[0m 
[36m(Runner pid=2144452)[0m starting episode 27 on metaAgent 3
[36m(Runner pid=2144486)[0m gif complete
[36m(Runner pid=2144486)[0m 
[36m(Runner pid=2144486)[0m starting episode 28 on metaAgent 6
[36m(Runner pid=2144455)[0m gif complete
[36m(Runner pid=2144455)[0m 
[36m(Runner pid=2144455)[0m starting episode 29 on metaAgent 4
[36m(Runner pid=2144435)[0m [AdaptiveScheduler] call=   50 | density=0.058  dist=0.185  complexity=0.109  steps= 29  overhead=0.14ms
[36m(Runner pid=2144469)[0m [AdaptiveScheduler] call=   50 | density=0.036  dist=0.304  complexity=0.123  steps= 30  overhead=0.18ms
[36m(Runner pid=2144439)[0m [AdaptiveScheduler] call=   50 | density=0.135  dist=0.157  complexity=0.108  steps= 29  overhead=0.15ms
[36m(Runner pid=2144466)[0m [AdaptiveScheduler] call=   50 | density=0.063  dist=0.060  complexity=0.076  steps= 26  overhead=0.12ms
[36m(Runner pid=2144474)[0m [AdaptiveScheduler] call=   50 | density=0.101  dist=0.152  complexity=0.152  steps= 32  overhead=0.16ms
[36m(Runner pid=2144440)[0m [AdaptiveScheduler] call=   50 | density=0.109  dist=0.076  complexity=0.099  steps= 28  overhead=0.16ms
[36m(Runner pid=2144443)[0m [AdaptiveScheduler] call=   50 | density=0.059  dist=0.073  complexity=0.097  steps= 28  overhead=0.16ms
[36m(Runner pid=2144452)[0m [AdaptiveScheduler] call=   50 | density=0.081  dist=0.096  complexity=0.083  steps= 27  overhead=0.13ms
[36m(Runner pid=2144486)[0m [AdaptiveScheduler] call=   50 | density=0.088  dist=0.105  complexity=0.122  steps= 30  overhead=0.13ms
[36m(Runner pid=2144455)[0m [AdaptiveScheduler] call=   50 | density=0.000  dist=0.094  complexity=0.088  steps= 27  overhead=0.27ms
[36m(Runner pid=2144435)[0m gif complete
[36m(Runner pid=2144435)[0m 
[36m(Runner pid=2144469)[0m gif complete
[36m(Runner pid=2144469)[0m 
[36m(Runner pid=2144469)[0m starting episode 30 on metaAgent 0
[36m(Runner pid=2144435)[0m starting episode 31 on metaAgent 1
[36m(Runner pid=2144440)[0m gif complete
[36m(Runner pid=2144440)[0m 
[36m(Runner pid=2144440)[0m starting episode 32 on metaAgent 8
[36m(Runner pid=2144439)[0m gif complete
[36m(Runner pid=2144439)[0m 
[36m(Runner pid=2144439)[0m starting episode 33 on metaAgent 7
[36m(Runner pid=2144455)[0m gif complete
[36m(Runner pid=2144455)[0m 
[36m(Runner pid=2144466)[0m gif complete
[36m(Runner pid=2144466)[0m 
[36m(Runner pid=2144455)[0m starting episode 34 on metaAgent 4
[36m(Runner pid=2144466)[0m starting episode 35 on metaAgent 2
[36m(Runner pid=2144452)[0m gif complete
[36m(Runner pid=2144452)[0m 
[36m(Runner pid=2144452)[0m starting episode 36 on metaAgent 3
[36m(Runner pid=2144486)[0m gif complete
[36m(Runner pid=2144486)[0m 
[36m(Runner pid=2144486)[0m starting episode 37 on metaAgent 6
[36m(Runner pid=2144443)[0m gif complete
[36m(Runner pid=2144443)[0m 
[36m(Runner pid=2144443)[0m starting episode 38 on metaAgent 5
[36m(Runner pid=2144474)[0m gif complete
[36m(Runner pid=2144474)[0m 
[36m(Runner pid=2144474)[0m starting episode 39 on metaAgent 9
[36m(Runner pid=2144435)[0m [AdaptiveScheduler] call=   50 | density=0.032  dist=0.140  complexity=0.112  steps= 29  overhead=0.17ms
[36m(Runner pid=2144469)[0m [AdaptiveScheduler] call=   50 | density=0.091  dist=0.078  complexity=0.101  steps= 28  overhead=0.14ms
[36m(Runner pid=2144440)[0m [AdaptiveScheduler] call=   50 | density=0.101  dist=0.130  complexity=0.143  steps= 31  overhead=0.15ms
[36m(Runner pid=2144439)[0m [AdaptiveScheduler] call=   50 | density=0.059  dist=0.056  complexity=0.074  steps= 26  overhead=0.16ms
[36m(Runner pid=2144455)[0m [AdaptiveScheduler] call=   50 | density=0.047  dist=0.078  complexity=0.073  steps= 26  overhead=0.12ms
[36m(Runner pid=2144466)[0m [AdaptiveScheduler] call=   50 | density=0.036  dist=0.102  complexity=0.068  steps= 25  overhead=0.15ms
[36m(Runner pid=2144486)[0m [AdaptiveScheduler] call=   50 | density=0.060  dist=0.085  complexity=0.070  steps= 26  overhead=0.13ms
[36m(Runner pid=2144452)[0m [AdaptiveScheduler] call=   50 | density=0.081  dist=0.096  complexity=0.080  steps= 26  overhead=0.16ms
[36m(Runner pid=2144469)[0m gif complete
[36m(Runner pid=2144469)[0m 
[36m(Runner pid=2144474)[0m [AdaptiveScheduler] call=   50 | density=0.083  dist=0.389  complexity=0.140  steps= 31  overhead=0.15ms
[36m(Runner pid=2144443)[0m [AdaptiveScheduler] call=   50 | density=0.093  dist=0.083  complexity=0.098  steps= 28  overhead=0.16ms
[36m(Runner pid=2144469)[0m starting episode 40 on metaAgent 0
[36m(Runner pid=2144440)[0m gif complete
[36m(Runner pid=2144440)[0m 
[36m(Runner pid=2144440)[0m starting episode 41 on metaAgent 8
[36m(Runner pid=2144435)[0m gif complete
[36m(Runner pid=2144435)[0m 
[36m(Runner pid=2144435)[0m starting episode 42 on metaAgent 1
[36m(Runner pid=2144439)[0m gif complete
[36m(Runner pid=2144439)[0m 
[36m(Runner pid=2144439)[0m starting episode 43 on metaAgent 7
[36m(Runner pid=2144455)[0m gif complete
[36m(Runner pid=2144455)[0m 
[36m(Runner pid=2144455)[0m starting episode 44 on metaAgent 4
[36m(Runner pid=2144443)[0m gif complete
[36m(Runner pid=2144443)[0m 
[36m(Runner pid=2144443)[0m starting episode 45 on metaAgent 5
[36m(Runner pid=2144486)[0m gif complete
[36m(Runner pid=2144486)[0m 
[36m(Runner pid=2144486)[0m starting episode 46 on metaAgent 6
[36m(Runner pid=2144466)[0m gif complete
[36m(Runner pid=2144466)[0m 
[36m(Runner pid=2144466)[0m starting episode 47 on metaAgent 2
[36m(Runner pid=2144440)[0m [AdaptiveScheduler] call=   50 | density=0.045  dist=0.172  complexity=0.135  steps= 31  overhead=0.27ms
[36m(Runner pid=2144469)[0m [AdaptiveScheduler] call=   50 | density=0.026  dist=0.080  complexity=0.064  steps= 25  overhead=0.17ms
[36m(Runner pid=2144474)[0m gif complete
[36m(Runner pid=2144474)[0m 
[36m(Runner pid=2144435)[0m [AdaptiveScheduler] call=   50 | density=0.076  dist=0.085  complexity=0.098  steps= 28  overhead=0.13ms
[36m(Runner pid=2144474)[0m starting episode 48 on metaAgent 9
[36m(Runner pid=2144452)[0m gif complete
[36m(Runner pid=2144452)[0m 
[36m(Runner pid=2144452)[0m starting episode 49 on metaAgent 3
[36m(Runner pid=2144439)[0m [AdaptiveScheduler] call=   50 | density=0.000  dist=0.368  complexity=0.108  steps= 29  overhead=0.23ms
[36m(Runner pid=2144440)[0m gif complete
[36m(Runner pid=2144440)[0m 
[36m(Runner pid=2144440)[0m starting episode 50 on metaAgent 8
[36m(Runner pid=2144455)[0m [AdaptiveScheduler] call=   50 | density=0.094  dist=0.074  complexity=0.077  steps= 26  overhead=0.17ms
[36m(Runner pid=2144469)[0m gif complete
[36m(Runner pid=2144469)[0m 
[36m(Runner pid=2144469)[0m starting episode 51 on metaAgent 0
[36m(Runner pid=2144486)[0m [AdaptiveScheduler] call=   50 | density=0.040  dist=0.287  complexity=0.128  steps= 30  overhead=0.12ms
[36m(Runner pid=2144466)[0m [AdaptiveScheduler] call=   50 | density=0.072  dist=0.101  complexity=0.082  steps= 27  overhead=0.14ms
[36m(Runner pid=2144443)[0m [AdaptiveScheduler] call=   50 | density=0.101  dist=0.140  complexity=0.123  steps= 30  overhead=0.13ms
[36m(Runner pid=2144455)[0m gif complete
[36m(Runner pid=2144455)[0m 
[36m(Runner pid=2144455)[0m starting episode 52 on metaAgent 4
[36m(Runner pid=2144439)[0m gif complete
[36m(Runner pid=2144439)[0m 
[36m(Runner pid=2144439)[0m starting episode 53 on metaAgent 7
[36m(Runner pid=2144452)[0m [AdaptiveScheduler] call=   50 | density=0.054  dist=0.040  complexity=0.058  steps= 25  overhead=0.13ms
[36m(Runner pid=2144474)[0m [AdaptiveScheduler] call=   50 | density=0.029  dist=0.056  complexity=0.070  steps= 26  overhead=0.13ms
[36m(Runner pid=2144466)[0m gif complete
[36m(Runner pid=2144466)[0m 
[36m(Runner pid=2144466)[0m starting episode 54 on metaAgent 2
[36m(Runner pid=2144443)[0m gif complete
[36m(Runner pid=2144443)[0m 
[36m(Runner pid=2144443)[0m starting episode 55 on metaAgent 5
[36m(Runner pid=2144469)[0m [AdaptiveScheduler] call=   50 | density=0.078  dist=0.607  complexity=0.141  steps= 31  overhead=0.14ms
[36m(Runner pid=2144440)[0m [AdaptiveScheduler] call=   50 | density=0.099  dist=0.378  complexity=0.141  steps= 31  overhead=0.15ms
[36m(Runner pid=2144435)[0m gif complete
[36m(Runner pid=2144435)[0m 
[36m(Runner pid=2144435)[0m starting episode 56 on metaAgent 1
[36m(Runner pid=2144486)[0m gif complete
[36m(Runner pid=2144486)[0m 
[36m(Runner pid=2144486)[0m starting episode 57 on metaAgent 6
[36m(Runner pid=2144455)[0m [AdaptiveScheduler] call=   50 | density=0.075  dist=0.646  complexity=0.282  steps= 43  overhead=0.18ms
[36m(Runner pid=2144440)[0m gif complete
[36m(Runner pid=2144440)[0m 
[36m(Runner pid=2144440)[0m starting episode 58 on metaAgent 8
[36m(Runner pid=2144452)[0m gif complete
[36m(Runner pid=2144452)[0m 
[36m(Runner pid=2144439)[0m [AdaptiveScheduler] call=   50 | density=0.042  dist=0.096  complexity=0.071  steps= 26  overhead=0.16ms
[36m(Runner pid=2144452)[0m starting episode 59 on metaAgent 3
[36m(Runner pid=2144466)[0m [AdaptiveScheduler] call=   50 | density=0.062  dist=0.063  complexity=0.074  steps= 26  overhead=0.13ms
[36m(Runner pid=2144474)[0m gif complete
[36m(Runner pid=2144474)[0m 
[36m(Runner pid=2144474)[0m starting episode 60 on metaAgent 9
[36m(Runner pid=2144469)[0m gif complete
[36m(Runner pid=2144469)[0m 
[36m(Runner pid=2144469)[0m starting episode 61 on metaAgent 0
[36m(Runner pid=2144443)[0m [AdaptiveScheduler] call=   50 | density=0.067  dist=0.315  complexity=0.121  steps= 30  overhead=0.13ms
[36m(Runner pid=2144435)[0m [AdaptiveScheduler] call=   50 | density=0.080  dist=0.102  complexity=0.079  steps= 26  overhead=0.13ms
[36m(Runner pid=2144455)[0m gif complete
[36m(Runner pid=2144455)[0m 
[36m(Runner pid=2144455)[0m starting episode 62 on metaAgent 4
[36m(Runner pid=2144435)[0m gif complete
[36m(Runner pid=2144435)[0m 
[36m(Runner pid=2144435)[0m starting episode 63 on metaAgent 1
[36m(Runner pid=2144486)[0m [AdaptiveScheduler] call=   50 | density=0.078  dist=0.112  complexity=0.077  steps= 26  overhead=0.13ms
[36m(Runner pid=2144439)[0m gif complete
[36m(Runner pid=2144439)[0m 
[36m(Runner pid=2144439)[0m starting episode 64 on metaAgent 7
[36m(Runner pid=2144440)[0m [AdaptiveScheduler] call=   50 | density=0.100  dist=0.099  complexity=0.109  steps= 29  overhead=0.76ms
[36m(Runner pid=2144452)[0m [AdaptiveScheduler] call=   50 | density=0.095  dist=0.064  complexity=0.070  steps= 26  overhead=0.15ms
[36m(Runner pid=2144474)[0m [AdaptiveScheduler] call=   50 | density=0.091  dist=0.197  complexity=0.133  steps= 31  overhead=0.12ms
[36m(Runner pid=2144466)[0m gif complete
[36m(Runner pid=2144466)[0m 
[36m(Runner pid=2144466)[0m starting episode 65 on metaAgent 2
[36m(Runner pid=2144443)[0m gif complete
[36m(Runner pid=2144443)[0m 
[36m(Runner pid=2144443)[0m starting episode 66 on metaAgent 5
[36m(Runner pid=2144469)[0m [AdaptiveScheduler] call=   50 | density=0.098  dist=0.040  complexity=0.108  steps= 29  overhead=0.13ms
[36m(Runner pid=2144455)[0m [AdaptiveScheduler] call=   50 | density=0.000  dist=0.150  complexity=0.076  steps= 26  overhead=0.14ms
[36m(Runner pid=2144474)[0m gif complete
[36m(Runner pid=2144474)[0m 
[36m(Runner pid=2144474)[0m starting episode 67 on metaAgent 9
[36m(Runner pid=2144435)[0m [AdaptiveScheduler] call=   50 | density=0.086  dist=0.036  complexity=0.098  steps= 28  overhead=0.15ms
[36m(Runner pid=2144440)[0m gif complete
[36m(Runner pid=2144440)[0m 
[36m(Runner pid=2144440)[0m starting episode 68 on metaAgent 8
[36m(Runner pid=2144486)[0m [AdaptiveScheduler] call=  100 | density=0.057  dist=0.141  complexity=0.087  steps= 27  overhead=0.17ms
[36m(Runner pid=2144452)[0m gif complete
[36m(Runner pid=2144452)[0m 
[36m(Runner pid=2144452)[0m starting episode 69 on metaAgent 3
[36m(Runner pid=2144439)[0m [AdaptiveScheduler] call=   50 | density=0.065  dist=0.102  complexity=0.082  steps= 27  overhead=0.13ms
[36m(Runner pid=2144486)[0m gif complete
[36m(Runner pid=2144486)[0m 
[36m(Runner pid=2144486)[0m starting episode 70 on metaAgent 6
[36m(Runner pid=2144455)[0m gif complete
[36m(Runner pid=2144455)[0m 
[36m(Runner pid=2144455)[0m starting episode 71 on metaAgent 4
[36m(Runner pid=2144443)[0m [AdaptiveScheduler] call=   50 | density=0.000  dist=0.186  complexity=0.087  steps= 27  overhead=0.16ms
[36m(Runner pid=2144466)[0m [AdaptiveScheduler] call=   50 | density=0.101  dist=0.356  complexity=0.111  steps= 29  overhead=0.14ms
[36m(Runner pid=2144435)[0m gif complete
[36m(Runner pid=2144435)[0m 
[36m(Runner pid=2144435)[0m starting episode 72 on metaAgent 1
[36m(Runner pid=2144469)[0m gif complete
[36m(Runner pid=2144469)[0m 
[36m(Runner pid=2144469)[0m starting episode 73 on metaAgent 0
[36m(Runner pid=2144439)[0m gif complete
[36m(Runner pid=2144439)[0m 
[36m(Runner pid=2144439)[0m starting episode 74 on metaAgent 7
[36m(Runner pid=2144474)[0m [AdaptiveScheduler] call=   50 | density=0.061  dist=0.043  complexity=0.081  steps= 26  overhead=0.15ms
[36m(Runner pid=2144440)[0m [AdaptiveScheduler] call=   50 | density=0.087  dist=0.045  complexity=0.070  steps= 26  overhead=0.18ms
[36m(Runner pid=2144452)[0m [AdaptiveScheduler] call=   50 | density=0.069  dist=0.141  complexity=0.118  steps= 29  overhead=0.14ms
[36m(Runner pid=2144486)[0m [AdaptiveScheduler] call=   50 | density=0.095  dist=0.065  complexity=0.127  steps= 30  overhead=0.13ms
[36m(Runner pid=2144455)[0m [AdaptiveScheduler] call=   50 | density=0.115  dist=0.375  complexity=0.191  steps= 35  overhead=0.13ms
[36m(Runner pid=2144443)[0m gif complete
[36m(Runner pid=2144443)[0m 
[36m(Runner pid=2144443)[0m starting episode 75 on metaAgent 5
[36m(Runner pid=2144466)[0m gif complete
[36m(Runner pid=2144466)[0m 
[36m(Runner pid=2144466)[0m starting episode 76 on metaAgent 2
[36m(Runner pid=2144474)[0m gif complete
[36m(Runner pid=2144474)[0m 
[36m(Runner pid=2144474)[0m starting episode 77 on metaAgent 9
[36m(Runner pid=2144435)[0m [AdaptiveScheduler] call=   50 | density=0.036  dist=0.150  complexity=0.081  steps= 26  overhead=0.17ms
[36m(Runner pid=2144469)[0m [AdaptiveScheduler] call=   50 | density=0.099  dist=0.045  complexity=0.090  steps= 27  overhead=0.14ms
[36m(Runner pid=2144439)[0m [AdaptiveScheduler] call=   50 | density=0.125  dist=0.220  complexity=0.125  steps= 30  overhead=0.15ms
[36m(Runner pid=2144452)[0m gif complete
[36m(Runner pid=2144452)[0m 
[36m(Runner pid=2144452)[0m starting episode 78 on metaAgent 3
[36m(Runner pid=2144486)[0m gif complete
[36m(Runner pid=2144486)[0m 
[36m(Runner pid=2144486)[0m starting episode 79 on metaAgent 6
[36m(Runner pid=2144440)[0m gif complete
[36m(Runner pid=2144440)[0m 
[36m(Runner pid=2144440)[0m starting episode 80 on metaAgent 8
[36m(Runner pid=2144435)[0m gif complete
[36m(Runner pid=2144435)[0m 
[36m(Runner pid=2144435)[0m starting episode 81 on metaAgent 1
[36m(Runner pid=2144466)[0m [AdaptiveScheduler] call=   50 | density=0.062  dist=0.074  complexity=0.073  steps= 26  overhead=0.12ms
[36m(Runner pid=2144469)[0m gif complete
[36m(Runner pid=2144469)[0m 
[36m(Runner pid=2144443)[0m [AdaptiveScheduler] call=   50 | density=0.041  dist=0.128  complexity=0.065  steps= 25  overhead=0.33ms
[36m(Runner pid=2144469)[0m starting episode 82 on metaAgent 0
[36m(Runner pid=2144455)[0m gif complete
[36m(Runner pid=2144455)[0m 
[36m(Runner pid=2144455)[0m starting episode 83 on metaAgent 4
[36m(Runner pid=2144474)[0m [AdaptiveScheduler] call=   50 | density=0.097  dist=0.118  complexity=0.086  steps= 27  overhead=0.13ms
[36m(Runner pid=2144439)[0m gif complete
[36m(Runner pid=2144439)[0m 
[36m(Runner pid=2144439)[0m starting episode 84 on metaAgent 7
[36m(Runner pid=2144452)[0m [AdaptiveScheduler] call=   50 | density=0.062  dist=0.078  complexity=0.070  steps= 26  overhead=0.13ms
[36m(Runner pid=2144466)[0m gif complete
[36m(Runner pid=2144466)[0m 
[36m(Runner pid=2144466)[0m starting episode 85 on metaAgent 2
[36m(Runner pid=2144486)[0m [AdaptiveScheduler] call=   50 | density=0.093  dist=0.072  complexity=0.088  steps= 27  overhead=0.15ms
[36m(Runner pid=2144440)[0m [AdaptiveScheduler] call=   50 | density=0.066  dist=0.485  complexity=0.172  steps= 34  overhead=0.13ms
[36m(Runner pid=2144435)[0m [AdaptiveScheduler] call=   50 | density=0.065  dist=0.330  complexity=0.119  steps= 30  overhead=0.44ms
[36m(Runner pid=2144469)[0m [AdaptiveScheduler] call=   50 | density=0.089  dist=0.122  complexity=0.095  steps= 28  overhead=0.12ms
[36m(Runner pid=2144474)[0m gif complete
[36m(Runner pid=2144474)[0m 
[36m(Runner pid=2144474)[0m starting episode 86 on metaAgent 9
[36m(Runner pid=2144443)[0m gif complete
[36m(Runner pid=2144443)[0m 
[36m(Runner pid=2144455)[0m [AdaptiveScheduler] call=   50 | density=0.085  dist=0.072  complexity=0.075  steps= 26  overhead=0.21ms
[36m(Runner pid=2144443)[0m starting episode 87 on metaAgent 5
[36m(Runner pid=2144439)[0m [AdaptiveScheduler] call=   50 | density=0.098  dist=0.159  complexity=0.090  steps= 27  overhead=0.15ms
[36m(Runner pid=2144452)[0m gif complete
[36m(Runner pid=2144452)[0m 
[36m(Runner pid=2144452)[0m starting episode 88 on metaAgent 3
[36m(Runner pid=2144469)[0m gif complete
[36m(Runner pid=2144469)[0m 
[36m(Runner pid=2144469)[0m starting episode 89 on metaAgent 0
[36m(Runner pid=2144440)[0m gif complete
[36m(Runner pid=2144440)[0m 
[36m(Runner pid=2144440)[0m starting episode 90 on metaAgent 8
[36m(Runner pid=2144466)[0m [AdaptiveScheduler] call=   50 | density=0.067  dist=0.213  complexity=0.092  steps= 27  overhead=0.13ms
[36m(Runner pid=2144486)[0m gif complete
[36m(Runner pid=2144486)[0m 
[36m(Runner pid=2144435)[0m gif complete
[36m(Runner pid=2144435)[0m 
[36m(Runner pid=2144435)[0m starting episode 91 on metaAgent 1
[36m(Runner pid=2144486)[0m starting episode 92 on metaAgent 6
[36m(Runner pid=2144455)[0m gif complete
[36m(Runner pid=2144455)[0m 
[36m(Runner pid=2144455)[0m starting episode 93 on metaAgent 4
[36m(Runner pid=2144474)[0m [AdaptiveScheduler] call=   50 | density=0.091  dist=0.067  complexity=0.071  steps= 26  overhead=0.18ms
[36m(Runner pid=2144443)[0m [AdaptiveScheduler] call=   50 | density=0.088  dist=0.081  complexity=0.068  steps= 25  overhead=0.14ms
[36m(Runner pid=2144439)[0m gif complete
[36m(Runner pid=2144439)[0m 
[36m(Runner pid=2144439)[0m starting episode 94 on metaAgent 7
[36m(Runner pid=2144443)[0m gif complete
[36m(Runner pid=2144443)[0m 
[36m(Runner pid=2144443)[0m starting episode 95 on metaAgent 5
[36m(Runner pid=2144469)[0m [AdaptiveScheduler] call=   50 | density=0.000  dist=0.112  complexity=0.069  steps= 25  overhead=0.13ms
[36m(Runner pid=2144440)[0m [AdaptiveScheduler] call=   50 | density=0.075  dist=0.115  complexity=0.075  steps= 26  overhead=0.15ms
[36m(Runner pid=2144452)[0m [AdaptiveScheduler] call=   50 | density=0.000  dist=0.259  complexity=0.137  steps= 31  overhead=0.14ms
[36m(Runner pid=2144466)[0m gif complete
[36m(Runner pid=2144466)[0m 
[36m(Runner pid=2144466)[0m starting episode 96 on metaAgent 2
[36m(Runner pid=2144486)[0m [AdaptiveScheduler] call=   50 | density=0.029  dist=0.240  complexity=0.148  steps= 32  overhead=0.19ms
[36m(Runner pid=2144435)[0m [AdaptiveScheduler] call=   50 | density=0.086  dist=0.290  complexity=0.164  steps= 33  overhead=0.16ms
[36m(Runner pid=2144469)[0m gif complete
[36m(Runner pid=2144469)[0m 
[36m(Runner pid=2144469)[0m starting episode 97 on metaAgent 0
[36m(Runner pid=2144455)[0m [AdaptiveScheduler] call=   50 | density=0.079  dist=0.102  complexity=0.093  steps= 27  overhead=0.14ms
[36m(Runner pid=2144452)[0m gif complete
[36m(Runner pid=2144452)[0m 
[36m(Runner pid=2144452)[0m starting episode 98 on metaAgent 3
[36m(Runner pid=2144439)[0m [AdaptiveScheduler] call=   50 | density=0.038  dist=0.096  complexity=0.073  steps= 26  overhead=0.33ms
[36m(Runner pid=2144474)[0m gif complete
[36m(Runner pid=2144474)[0m 
[36m(Runner pid=2144474)[0m starting episode 99 on metaAgent 9
[36m(Runner pid=2144435)[0m gif complete
[36m(Runner pid=2144435)[0m 
[36m(Runner pid=2144443)[0m [AdaptiveScheduler] call=   50 | density=0.076  dist=0.170  complexity=0.110  steps= 29  overhead=0.22ms
[36m(Runner pid=2144466)[0m [AdaptiveScheduler] call=   50 | density=0.059  dist=0.501  complexity=0.205  steps= 36  overhead=0.13ms
[36m(Runner pid=2144440)[0m gif complete
[36m(Runner pid=2144440)[0m 
[36m(Runner pid=2144486)[0m gif complete
[36m(Runner pid=2144486)[0m 
[36m(Runner pid=2144469)[0m [AdaptiveScheduler] call=   50 | density=0.076  dist=0.125  complexity=0.081  steps= 26  overhead=0.16ms
[36m(Runner pid=2144439)[0m gif complete
[36m(Runner pid=2144439)[0m 
[36m(Runner pid=2144443)[0m gif complete
[36m(Runner pid=2144443)[0m 
[36m(Runner pid=2144466)[0m gif complete
[36m(Runner pid=2144466)[0m 
[36m(Runner pid=2144455)[0m gif complete
[36m(Runner pid=2144455)[0m 
[36m(Runner pid=2144452)[0m [AdaptiveScheduler] call=   50 | density=0.000  dist=0.137  complexity=0.082  steps= 27  overhead=0.13ms
[36m(Runner pid=2144474)[0m [AdaptiveScheduler] call=   50 | density=0.080  dist=0.107  complexity=0.087  steps= 27  overhead=0.17ms
[36m(Runner pid=2144469)[0m gif complete
[36m(Runner pid=2144469)[0m 
[36m(Runner pid=2144452)[0m gif complete
[36m(Runner pid=2144452)[0m 
[36m(Runner pid=2144474)[0m gif complete
[36m(Runner pid=2144474)[0m 
|#Total test: 100
|#Length of dist_history: 100
|#Average length: 566.8660885203001
|#Length std: 66.94953710752515
|#Successes: 100
|#Success Rate: 1.0
|#Length of success_dist_history: 100
|#Average Success length: 566.8660885203001
|#Success Length std: 66.94953710752515
==============================
Finished : Mon May  4 06:31:59 MST 2026
==============================
