==============================
DARE Adaptive Scheduler Eval
Job ID   : 52212896
Node     : sg023
GPU      : 0
Started  : Tue May  5 18:44:30 MST 2026
==============================
value_to_index: {-8.0: 0, -4.0: 1, 0.0: 2, 4.0: 3, 8.0: 4}
index_to_value: {0: -8.0, 1: -4.0, 2: 0.0, 3: 4.0, 4: 8.0}
[36m(Runner pid=2035271)[0m starting episode 7 on metaAgent 7
[36m(Runner pid=2035284)[0m starting episode 0 on metaAgent 0
[36m(Runner pid=2035267)[0m starting episode 4 on metaAgent 4
[36m(Runner pid=2035245)[0m starting episode 1 on metaAgent 1
[36m(Runner pid=2035282)[0m starting episode 8 on metaAgent 8
[36m(Runner pid=2035242)[0m starting episode 3 on metaAgent 3
[36m(Runner pid=2035255)[0m starting episode 2 on metaAgent 2
[36m(Runner pid=2035239)[0m starting episode 5 on metaAgent 5
[36m(Runner pid=2035254)[0m starting episode 6 on metaAgent 6
[36m(Runner pid=2035253)[0m starting episode 9 on metaAgent 9
[36m(Runner pid=2035282)[0m [AdaptiveScheduler] call=   50 | density=0.089  dist=0.673  complexity=0.302  steps= 44  overhead=0.11ms
[36m(Runner pid=2035239)[0m [AdaptiveScheduler] call=   50 | density=0.022  dist=0.481  complexity=0.261  steps= 41  overhead=0.14ms
[36m(Runner pid=2035271)[0m [AdaptiveScheduler] call=   50 | density=0.040  dist=0.408  complexity=0.169  steps= 34  overhead=0.10ms
[36m(Runner pid=2035254)[0m [AdaptiveScheduler] call=   50 | density=0.086  dist=0.130  complexity=0.117  steps= 29  overhead=0.20ms
[36m(Runner pid=2035284)[0m [AdaptiveScheduler] call=   50 | density=0.042  dist=0.593  complexity=0.286  steps= 43  overhead=0.11ms
[36m(Runner pid=2035245)[0m [AdaptiveScheduler] call=   50 | density=0.081  dist=0.385  complexity=0.217  steps= 37  overhead=0.16ms
[36m(Runner pid=2035242)[0m [AdaptiveScheduler] call=   50 | density=0.084  dist=0.686  complexity=0.296  steps= 44  overhead=0.15ms
[36m(Runner pid=2035253)[0m [AdaptiveScheduler] call=   50 | density=0.068  dist=0.400  complexity=0.169  steps= 34  overhead=0.10ms
[36m(Runner pid=2035255)[0m [AdaptiveScheduler] call=   50 | density=0.096  dist=0.573  complexity=0.300  steps= 44  overhead=0.12ms
[36m(Runner pid=2035267)[0m [AdaptiveScheduler] call=   50 | density=0.086  dist=0.354  complexity=0.165  steps= 33  overhead=0.11ms
[36m(Runner pid=2035239)[0m starting episode 10 on metaAgent 5
[36m(Runner pid=2035271)[0m starting episode 11 on metaAgent 7
[36m(Runner pid=2035282)[0m starting episode 12 on metaAgent 8
[36m(Runner pid=2035254)[0m starting episode 13 on metaAgent 6
[36m(Runner pid=2035245)[0m starting episode 14 on metaAgent 1
[36m(Runner pid=2035284)[0m starting episode 15 on metaAgent 0
[36m(Runner pid=2035253)[0m starting episode 16 on metaAgent 9
[36m(Runner pid=2035267)[0m starting episode 18 on metaAgent 4
[36m(Runner pid=2035242)[0m starting episode 17 on metaAgent 3
[36m(Runner pid=2035255)[0m starting episode 19 on metaAgent 2
[36m(Runner pid=2035239)[0m [AdaptiveScheduler] call=   50 | density=0.059  dist=0.838  complexity=0.348  steps= 48  overhead=0.12ms
[36m(Runner pid=2035271)[0m [AdaptiveScheduler] call=   50 | density=0.088  dist=0.286  complexity=0.172  steps= 34  overhead=0.15ms
[36m(Runner pid=2035282)[0m [AdaptiveScheduler] call=   50 | density=0.086  dist=0.555  complexity=0.266  steps= 41  overhead=0.11ms
[36m(Runner pid=2035254)[0m [AdaptiveScheduler] call=   50 | density=0.061  dist=0.555  complexity=0.202  steps= 36  overhead=0.12ms
[36m(Runner pid=2035245)[0m [AdaptiveScheduler] call=   50 | density=0.090  dist=0.010  complexity=0.107  steps= 29  overhead=0.12ms
[36m(Runner pid=2035267)[0m [AdaptiveScheduler] call=   50 | density=0.068  dist=0.344  complexity=0.199  steps= 36  overhead=0.29ms
[36m(Runner pid=2035255)[0m [AdaptiveScheduler] call=   50 | density=0.085  dist=0.394  complexity=0.221  steps= 38  overhead=0.12ms
[36m(Runner pid=2035284)[0m [AdaptiveScheduler] call=   50 | density=0.036  dist=0.295  complexity=0.141  steps= 31  overhead=0.11ms
[36m(Runner pid=2035253)[0m [AdaptiveScheduler] call=   50 | density=0.101  dist=0.491  complexity=0.246  steps= 40  overhead=0.24ms
[36m(Runner pid=2035242)[0m [AdaptiveScheduler] call=   50 | density=0.090  dist=0.495  complexity=0.276  steps= 42  overhead=0.12ms
[36m(Runner pid=2035282)[0m starting episode 20 on metaAgent 8
[36m(Runner pid=2035254)[0m starting episode 21 on metaAgent 6
[36m(Runner pid=2035239)[0m starting episode 22 on metaAgent 5
[36m(Runner pid=2035245)[0m starting episode 23 on metaAgent 1
[36m(Runner pid=2035267)[0m starting episode 24 on metaAgent 4
[36m(Runner pid=2035271)[0m starting episode 25 on metaAgent 7
[36m(Runner pid=2035255)[0m starting episode 26 on metaAgent 2
[36m(Runner pid=2035284)[0m starting episode 27 on metaAgent 0
[36m(Runner pid=2035242)[0m starting episode 28 on metaAgent 3
[36m(Runner pid=2035253)[0m starting episode 29 on metaAgent 9
[36m(Runner pid=2035282)[0m [AdaptiveScheduler] call=   50 | density=0.062  dist=0.820  complexity=0.320  steps= 46  overhead=0.15ms
[36m(Runner pid=2035254)[0m [AdaptiveScheduler] call=   50 | density=0.119  dist=0.316  complexity=0.238  steps= 39  overhead=0.12ms
[36m(Runner pid=2035239)[0m [AdaptiveScheduler] call=   50 | density=0.081  dist=0.432  complexity=0.244  steps= 40  overhead=0.10ms
[36m(Runner pid=2035267)[0m [AdaptiveScheduler] call=   50 | density=0.000  dist=0.675  complexity=0.258  steps= 41  overhead=0.12ms
[36m(Runner pid=2035245)[0m [AdaptiveScheduler] call=   50 | density=0.085  dist=0.411  complexity=0.252  steps= 40  overhead=0.14ms
[36m(Runner pid=2035255)[0m [AdaptiveScheduler] call=   50 | density=0.086  dist=0.750  complexity=0.300  steps= 44  overhead=0.12ms
[36m(Runner pid=2035271)[0m [AdaptiveScheduler] call=   50 | density=0.099  dist=0.433  complexity=0.244  steps= 40  overhead=0.12ms
[36m(Runner pid=2035239)[0m starting episode 30 on metaAgent 5
[36m(Runner pid=2035284)[0m [AdaptiveScheduler] call=   50 | density=0.064  dist=0.280  complexity=0.148  steps= 32  overhead=0.16ms
[36m(Runner pid=2035253)[0m [AdaptiveScheduler] call=   50 | density=0.048  dist=0.481  complexity=0.197  steps= 36  overhead=0.12ms
[36m(Runner pid=2035282)[0m starting episode 31 on metaAgent 8
[36m(Runner pid=2035242)[0m [AdaptiveScheduler] call=   50 | density=0.055  dist=0.791  complexity=0.320  steps= 46  overhead=0.12ms
[36m(Runner pid=2035245)[0m starting episode 32 on metaAgent 1
[36m(Runner pid=2035271)[0m starting episode 33 on metaAgent 7
[36m(Runner pid=2035254)[0m starting episode 34 on metaAgent 6
[36m(Runner pid=2035253)[0m starting episode 35 on metaAgent 9
[36m(Runner pid=2035242)[0m starting episode 36 on metaAgent 3
[36m(Runner pid=2035267)[0m starting episode 38 on metaAgent 4
[36m(Runner pid=2035284)[0m starting episode 37 on metaAgent 0
[36m(Runner pid=2035255)[0m starting episode 39 on metaAgent 2
[36m(Runner pid=2035239)[0m [AdaptiveScheduler] call=   50 | density=0.091  dist=0.756  complexity=0.317  steps= 45  overhead=0.21ms
[36m(Runner pid=2035282)[0m [AdaptiveScheduler] call=   50 | density=0.105  dist=0.360  complexity=0.202  steps= 36  overhead=0.13ms
[36m(Runner pid=2035245)[0m [AdaptiveScheduler] call=   50 | density=0.083  dist=0.520  complexity=0.285  steps= 43  overhead=0.15ms
[36m(Runner pid=2035271)[0m [AdaptiveScheduler] call=   50 | density=0.088  dist=0.599  complexity=0.274  steps= 42  overhead=0.10ms
[36m(Runner pid=2035254)[0m [AdaptiveScheduler] call=   50 | density=0.066  dist=0.428  complexity=0.180  steps= 34  overhead=0.12ms
[36m(Runner pid=2035255)[0m [AdaptiveScheduler] call=   50 | density=0.095  dist=0.272  complexity=0.215  steps= 37  overhead=0.18ms
[36m(Runner pid=2035253)[0m [AdaptiveScheduler] call=   50 | density=0.074  dist=0.482  complexity=0.268  steps= 41  overhead=0.22ms
[36m(Runner pid=2035242)[0m [AdaptiveScheduler] call=   50 | density=0.085  dist=0.516  complexity=0.220  steps= 38  overhead=0.15ms
[36m(Runner pid=2035284)[0m [AdaptiveScheduler] call=   50 | density=0.100  dist=0.383  complexity=0.266  steps= 41  overhead=0.15ms
[36m(Runner pid=2035267)[0m [AdaptiveScheduler] call=   50 | density=0.065  dist=0.743  complexity=0.320  steps= 46  overhead=0.15ms
[36m(Runner pid=2035239)[0m starting episode 40 on metaAgent 5
[36m(Runner pid=2035282)[0m starting episode 41 on metaAgent 8
[36m(Runner pid=2035245)[0m starting episode 42 on metaAgent 1
[36m(Runner pid=2035255)[0m starting episode 43 on metaAgent 2
[36m(Runner pid=2035254)[0m starting episode 44 on metaAgent 6
[36m(Runner pid=2035253)[0m starting episode 45 on metaAgent 9
[36m(Runner pid=2035271)[0m starting episode 46 on metaAgent 7
[36m(Runner pid=2035267)[0m starting episode 47 on metaAgent 4
[36m(Runner pid=2035284)[0m starting episode 48 on metaAgent 0
[36m(Runner pid=2035242)[0m starting episode 49 on metaAgent 3
[36m(Runner pid=2035239)[0m [AdaptiveScheduler] call=   50 | density=0.064  dist=0.556  complexity=0.270  steps= 42  overhead=0.10ms
[36m(Runner pid=2035282)[0m [AdaptiveScheduler] call=   50 | density=0.084  dist=0.128  complexity=0.101  steps= 28  overhead=0.13ms
[36m(Runner pid=2035245)[0m [AdaptiveScheduler] call=   50 | density=0.068  dist=0.819  complexity=0.377  steps= 50  overhead=0.12ms
[36m(Runner pid=2035239)[0m starting episode 50 on metaAgent 5
[36m(Runner pid=2035271)[0m [AdaptiveScheduler] call=   50 | density=0.042  dist=0.767  complexity=0.301  steps= 44  overhead=0.12ms
[36m(Runner pid=2035253)[0m [AdaptiveScheduler] call=   50 | density=0.108  dist=0.708  complexity=0.270  steps= 42  overhead=0.11ms
[36m(Runner pid=2035255)[0m [AdaptiveScheduler] call=   50 | density=0.043  dist=0.492  complexity=0.223  steps= 38  overhead=0.15ms
[36m(Runner pid=2035254)[0m [AdaptiveScheduler] call=   50 | density=0.000  dist=0.254  complexity=0.175  steps= 34  overhead=0.15ms
[36m(Runner pid=2035284)[0m [AdaptiveScheduler] call=   50 | density=0.094  dist=0.404  complexity=0.166  steps= 33  overhead=0.13ms
[36m(Runner pid=2035282)[0m starting episode 51 on metaAgent 8
[36m(Runner pid=2035267)[0m [AdaptiveScheduler] call=   50 | density=0.055  dist=0.326  complexity=0.151  steps= 32  overhead=0.15ms
[36m(Runner pid=2035254)[0m starting episode 52 on metaAgent 6
[36m(Runner pid=2035242)[0m [AdaptiveScheduler] call=   50 | density=0.058  dist=0.483  complexity=0.283  steps= 43  overhead=0.15ms
[36m(Runner pid=2035253)[0m starting episode 53 on metaAgent 9
[36m(Runner pid=2035245)[0m starting episode 54 on metaAgent 1
[36m(Runner pid=2035267)[0m starting episode 55 on metaAgent 4
[36m(Runner pid=2035255)[0m starting episode 56 on metaAgent 2
[36m(Runner pid=2035242)[0m starting episode 57 on metaAgent 3
[36m(Runner pid=2035271)[0m starting episode 58 on metaAgent 7
[36m(Runner pid=2035239)[0m [AdaptiveScheduler] call=   50 | density=0.071  dist=0.521  complexity=0.257  steps= 41  overhead=0.10ms
[36m(Runner pid=2035239)[0m starting episode 59 on metaAgent 5
[36m(Runner pid=2035282)[0m [AdaptiveScheduler] call=   50 | density=0.049  dist=0.382  complexity=0.199  steps= 36  overhead=0.11ms
[36m(Runner pid=2035284)[0m starting episode 60 on metaAgent 0
[36m(Runner pid=2035253)[0m [AdaptiveScheduler] call=   50 | density=0.085  dist=0.483  complexity=0.214  steps= 37  overhead=0.11ms
[36m(Runner pid=2035254)[0m [AdaptiveScheduler] call=   50 | density=0.071  dist=0.638  complexity=0.260  steps= 41  overhead=0.13ms
[36m(Runner pid=2035245)[0m [AdaptiveScheduler] call=   50 | density=0.081  dist=0.373  complexity=0.213  steps= 37  overhead=0.15ms
[36m(Runner pid=2035271)[0m [AdaptiveScheduler] call=   50 | density=0.058  dist=0.546  complexity=0.222  steps= 38  overhead=0.12ms
[36m(Runner pid=2035267)[0m [AdaptiveScheduler] call=   50 | density=0.109  dist=0.305  complexity=0.198  steps= 36  overhead=0.13ms
[36m(Runner pid=2035255)[0m [AdaptiveScheduler] call=   50 | density=0.086  dist=0.120  complexity=0.102  steps= 28  overhead=0.17ms
[36m(Runner pid=2035254)[0m starting episode 61 on metaAgent 6
[36m(Runner pid=2035242)[0m [AdaptiveScheduler] call=   50 | density=0.043  dist=0.290  complexity=0.144  steps= 31  overhead=0.22ms
[36m(Runner pid=2035239)[0m [AdaptiveScheduler] call=   50 | density=0.066  dist=0.253  complexity=0.206  steps= 36  overhead=0.10ms
[36m(Runner pid=2035282)[0m starting episode 62 on metaAgent 8
[36m(Runner pid=2035253)[0m starting episode 63 on metaAgent 9
[36m(Runner pid=2035255)[0m starting episode 64 on metaAgent 2
[36m(Runner pid=2035284)[0m [AdaptiveScheduler] call=   50 | density=0.091  dist=0.433  complexity=0.243  steps= 39  overhead=0.16ms
[36m(Runner pid=2035271)[0m starting episode 65 on metaAgent 7
[36m(Runner pid=2035245)[0m [AdaptiveScheduler] call=  100 | density=0.090  dist=0.487  complexity=0.172  steps= 34  overhead=0.13ms
[36m(Runner pid=2035245)[0m starting episode 66 on metaAgent 1
[36m(Runner pid=2035284)[0m starting episode 67 on metaAgent 0
[36m(Runner pid=2035239)[0m starting episode 68 on metaAgent 5
[36m(Runner pid=2035267)[0m starting episode 69 on metaAgent 4
[36m(Runner pid=2035254)[0m [AdaptiveScheduler] call=   50 | density=0.068  dist=0.170  complexity=0.144  steps= 32  overhead=0.14ms
[36m(Runner pid=2035242)[0m [AdaptiveScheduler] call=  100 | density=0.000  dist=0.532  complexity=0.204  steps= 36  overhead=0.13ms
[36m(Runner pid=2035253)[0m [AdaptiveScheduler] call=   50 | density=0.086  dist=0.485  complexity=0.197  steps= 36  overhead=0.15ms
[36m(Runner pid=2035282)[0m [AdaptiveScheduler] call=   50 | density=0.095  dist=0.535  complexity=0.215  steps= 37  overhead=0.12ms
[36m(Runner pid=2035242)[0m starting episode 70 on metaAgent 3
[36m(Runner pid=2035255)[0m [AdaptiveScheduler] call=   50 | density=0.081  dist=0.579  complexity=0.270  steps= 42  overhead=0.17ms
[36m(Runner pid=2035282)[0m starting episode 71 on metaAgent 8
[36m(Runner pid=2035271)[0m [AdaptiveScheduler] call=   50 | density=0.071  dist=0.485  complexity=0.241  steps= 39  overhead=0.15ms
[36m(Runner pid=2035284)[0m [AdaptiveScheduler] call=   50 | density=0.081  dist=0.643  complexity=0.263  steps= 41  overhead=0.10ms
[36m(Runner pid=2035253)[0m starting episode 72 on metaAgent 9
[36m(Runner pid=2035255)[0m starting episode 73 on metaAgent 2
[36m(Runner pid=2035254)[0m starting episode 74 on metaAgent 6
[36m(Runner pid=2035245)[0m [AdaptiveScheduler] call=   50 | density=0.092  dist=0.441  complexity=0.238  steps= 39  overhead=0.13ms
[36m(Runner pid=2035267)[0m [AdaptiveScheduler] call=   50 | density=0.036  dist=0.198  complexity=0.145  steps= 32  overhead=0.11ms
[36m(Runner pid=2035239)[0m [AdaptiveScheduler] call=   50 | density=0.055  dist=0.558  complexity=0.242  steps= 39  overhead=0.14ms
[36m(Runner pid=2035242)[0m [AdaptiveScheduler] call=   50 | density=0.050  dist=0.257  complexity=0.139  steps= 31  overhead=0.10ms
[36m(Runner pid=2035245)[0m starting episode 75 on metaAgent 1
[36m(Runner pid=2035284)[0m starting episode 76 on metaAgent 0
[36m(Runner pid=2035271)[0m starting episode 77 on metaAgent 7
[36m(Runner pid=2035282)[0m [AdaptiveScheduler] call=   50 | density=0.098  dist=0.944  complexity=0.390  steps= 51  overhead=0.11ms
[36m(Runner pid=2035267)[0m starting episode 78 on metaAgent 4
[36m(Runner pid=2035255)[0m [AdaptiveScheduler] call=   50 | density=0.077  dist=0.417  complexity=0.212  steps= 37  overhead=0.17ms
[36m(Runner pid=2035242)[0m starting episode 79 on metaAgent 3
[36m(Runner pid=2035239)[0m starting episode 80 on metaAgent 5
[36m(Runner pid=2035254)[0m [AdaptiveScheduler] call=   50 | density=0.121  dist=0.254  complexity=0.194  steps= 36  overhead=0.10ms
[36m(Runner pid=2035253)[0m [AdaptiveScheduler] call=   50 | density=0.035  dist=0.370  complexity=0.181  steps= 35  overhead=0.30ms
[36m(Runner pid=2035255)[0m starting episode 81 on metaAgent 2
[36m(Runner pid=2035245)[0m [AdaptiveScheduler] call=   50 | density=0.041  dist=0.477  complexity=0.213  steps= 37  overhead=0.14ms
[36m(Runner pid=2035282)[0m starting episode 82 on metaAgent 8
[36m(Runner pid=2035284)[0m [AdaptiveScheduler] call=   50 | density=0.083  dist=0.545  complexity=0.207  steps= 37  overhead=0.10ms
[36m(Runner pid=2035271)[0m [AdaptiveScheduler] call=   50 | density=0.070  dist=0.389  complexity=0.146  steps= 32  overhead=0.13ms
[36m(Runner pid=2035254)[0m starting episode 83 on metaAgent 6
[36m(Runner pid=2035253)[0m starting episode 84 on metaAgent 9
[36m(Runner pid=2035239)[0m [AdaptiveScheduler] call=   50 | density=0.046  dist=0.422  complexity=0.222  steps= 38  overhead=0.15ms
[36m(Runner pid=2035267)[0m [AdaptiveScheduler] call=   50 | density=0.085  dist=0.613  complexity=0.291  steps= 43  overhead=0.10ms
[36m(Runner pid=2035242)[0m [AdaptiveScheduler] call=   50 | density=0.078  dist=0.620  complexity=0.268  steps= 41  overhead=0.21ms
[36m(Runner pid=2035284)[0m starting episode 85 on metaAgent 0
[36m(Runner pid=2035271)[0m starting episode 86 on metaAgent 7
[36m(Runner pid=2035239)[0m starting episode 87 on metaAgent 5
[36m(Runner pid=2035245)[0m starting episode 88 on metaAgent 1
[36m(Runner pid=2035282)[0m [AdaptiveScheduler] call=   50 | density=0.095  dist=0.449  complexity=0.177  steps= 34  overhead=0.13ms
[36m(Runner pid=2035255)[0m [AdaptiveScheduler] call=   50 | density=0.071  dist=0.440  complexity=0.248  steps= 40  overhead=0.17ms
[36m(Runner pid=2035242)[0m starting episode 89 on metaAgent 3
[36m(Runner pid=2035267)[0m starting episode 90 on metaAgent 4
[36m(Runner pid=2035253)[0m [AdaptiveScheduler] call=   50 | density=0.092  dist=0.117  complexity=0.093  steps= 27  overhead=0.39ms
[36m(Runner pid=2035254)[0m [AdaptiveScheduler] call=   50 | density=0.094  dist=0.418  complexity=0.190  steps= 35  overhead=0.14ms
[36m(Runner pid=2035282)[0m starting episode 91 on metaAgent 8
[36m(Runner pid=2035271)[0m [AdaptiveScheduler] call=   50 | density=0.058  dist=0.768  complexity=0.318  steps= 45  overhead=0.12ms
[36m(Runner pid=2035284)[0m [AdaptiveScheduler] call=   50 | density=0.033  dist=0.286  complexity=0.150  steps= 32  overhead=0.15ms
[36m(Runner pid=2035253)[0m starting episode 92 on metaAgent 9
[36m(Runner pid=2035245)[0m [AdaptiveScheduler] call=   50 | density=0.098  dist=0.547  complexity=0.299  steps= 44  overhead=0.12ms
[36m(Runner pid=2035255)[0m starting episode 93 on metaAgent 2
[36m(Runner pid=2035242)[0m [AdaptiveScheduler] call=   50 | density=0.052  dist=0.407  complexity=0.176  steps= 34  overhead=0.10ms
[36m(Runner pid=2035254)[0m starting episode 94 on metaAgent 6
[36m(Runner pid=2035239)[0m [AdaptiveScheduler] call=   50 | density=0.076  dist=0.143  complexity=0.140  steps= 31  overhead=0.11ms
[36m(Runner pid=2035267)[0m [AdaptiveScheduler] call=   50 | density=0.089  dist=0.783  complexity=0.302  steps= 44  overhead=0.16ms
[36m(Runner pid=2035282)[0m [AdaptiveScheduler] call=   50 | density=0.076  dist=0.599  complexity=0.253  steps= 40  overhead=0.12ms
[36m(Runner pid=2035284)[0m starting episode 95 on metaAgent 0
[36m(Runner pid=2035239)[0m starting episode 96 on metaAgent 5
[36m(Runner pid=2035271)[0m starting episode 97 on metaAgent 7
[36m(Runner pid=2035242)[0m starting episode 98 on metaAgent 3
[36m(Runner pid=2035245)[0m starting episode 99 on metaAgent 1
[36m(Runner pid=2035253)[0m [AdaptiveScheduler] call=   50 | density=0.036  dist=0.440  complexity=0.189  steps= 35  overhead=0.14ms
[36m(Runner pid=2035254)[0m [AdaptiveScheduler] call=   50 | density=0.091  dist=0.676  complexity=0.305  steps= 44  overhead=0.11ms
[36m(Runner pid=2035255)[0m [AdaptiveScheduler] call=   50 | density=0.094  dist=0.330  complexity=0.178  steps= 34  overhead=0.10ms
[36m(Runner pid=2035284)[0m [AdaptiveScheduler] call=   50 | density=0.059  dist=0.325  complexity=0.172  steps= 34  overhead=0.14ms
[36m(Runner pid=2035239)[0m [AdaptiveScheduler] call=   50 | density=0.048  dist=0.302  complexity=0.227  steps= 38  overhead=0.14ms
[36m(Runner pid=2035242)[0m [AdaptiveScheduler] call=   50 | density=0.057  dist=0.400  complexity=0.239  steps= 39  overhead=0.15ms
[36m(Runner pid=2035271)[0m [AdaptiveScheduler] call=   50 | density=0.084  dist=0.793  complexity=0.321  steps= 46  overhead=0.13ms
[36m(Runner pid=2035245)[0m [AdaptiveScheduler] call=   50 | density=0.062  dist=0.449  complexity=0.186  steps= 35  overhead=0.15ms
|#Total test: 100
|#Length of dist_history: 100
|#Average length: 569.9023817296982
|#Length std: 67.03730805116253
|#Successes: 100
|#Success Rate: 1.0
|#Length of success_dist_history: 100
|#Average Success length: 569.9023817296982
|#Success Length std: 67.03730805116253
==============================
Finished : Tue May  5 19:13:45 MST 2026
==============================
